
(Documents) khouripa@localadmins-MacBook-Pro Dynamic_TRIYA % git init && git symbolic-ref HEAD refs/heads/main
Initialized empty Git repository in /Users/khouripa/Desktop/Year13_digital_media/Dynamic_TRIYA/dbase/.git/
(Documents) khouripa@localadmins-MacBook-Pro Dynamic_TRIYA % git status
On branch main

No commits yet

Untracked files:
  (use "git add <file>..." to include in what will be committed)
        .gitignore
        db_functions.py
        dbase/
        server.py
        sqlite_console.txt
        test_queries.py

nothing added to commit but untracked files present (use "git add" to track)
(Documents) khouripa@localadmins-MacBook-Pro Dynamic_TRIYA % git remote add origin https://github.com/paul-khouri/Dynamic_TRIYA.git
(Documents) khouripa@localadmins-MacBook-Pro Dynamic_TRIYA % git remote -v
origin  https://github.com/paul-khouri/Dynamic_TRIYA.git (fetch)
origin  https://github.com/paul-khouri/Dynamic_TRIYA.git (push)
(Documents) khouripa@localadmins-MacBook-Pro Dynamic_TRIYA % git add .
(Documents) khouripa@localadmins-MacBook-Pro Dynamic_TRIYA % git status
On branch main

No commits yet

Changes to be committed:
  (use "git rm --cached <file>..." to unstage)
        new file:   .gitignore
        new file:   db_functions.py
        new file:   dbase/installer.sql
        new file:   dbase/triya_data.sqlite
        new file:   server.py
        new file:   sqlite_console.txt
        new file:   test_queries.py

(Documents) khouripa@localadmins-MacBook-Pro Dynamic_TRIYA % git commit -a -m "initial commit"
[main (root-commit) 2c3401f] initial commit
 7 files changed, 262 insertions(+)
 create mode 100644 .gitignore
 create mode 100644 db_functions.py
 create mode 100644 dbase/installer.sql
 create mode 100644 dbase/triya_data.sqlite
 create mode 100644 server.py
 create mode 100644 sqlite_console.txt
 create mode 100644 test_queries.py
(Documents) khouripa@localadmins-MacBook-Pro Dynamic_TRIYA % git status
On branch main
nothing to commit, working tree clean

(Documents) khouripa@localadmins-MacBook-Pro Dynamic_TRIYA % git push origin main
To https://github.com/paul-khouri/Dynamic_TRIYA.git
 ! [rejected]        main -> main (fetch first)
error: failed to push some refs to 'https://github.com/paul-khouri/Dynamic_TRIYA.git'
hint: Updates were rejected because the remote contains work that you do
hint: not have locally. This is usually caused by another repository pushing
hint: to the same ref. You may want to first integrate the remote changes
hint: (e.g., 'git pull ...') before pushing again.
hint: See the 'Note about fast-forwards' in 'git push --help' for details.
(Documents) khouripa@localadmins-MacBook-Pro Dynamic_TRIYA % git pull origin main
warning: no common commits
remote: Enumerating objects: 4, done.
remote: Counting objects: 100% (4/4), done.
remote: Compressing objects: 100% (3/3), done.
remote: Total 4 (delta 0), reused 0 (delta 0), pack-reused 0
Unpacking objects: 100% (4/4), done.
From https://github.com/paul-khouri/Dynamic_TRIYA
 * branch            main       -> FETCH_HEAD
 * [new branch]      main       -> origin/main
fatal: refusing to merge unrelated histories
(Documents) khouripa@localadmins-MacBook-Pro Dynamic_TRIYA % git pull origin master --allow-unrelated-histories
fatal: couldn't find remote ref master
(Documents) khouripa@localadmins-MacBook-Pro Dynamic_TRIYA % git pull origin main --allow-unrelated-histories 
From https://github.com/paul-khouri/Dynamic_TRIYA
 * branch            main       -> FETCH_HEAD
Merge made by the 'recursive' strategy.
 LICENSE   | 674 +++++++++++++++++++++++++++++++++++++++++++++++++++++++++++++++++++++++++++++++++++++++++++++++++++++++++++++++++++++++++++++++++++++++++++++++++++++++++++++++++++++++++++++++++++++++++++
 README.md |   2 +
 2 files changed, 676 insertions(+)
 create mode 100644 LICENSE
 create mode 100644 README.md
(Documents) khouripa@localadmins-MacBook-Pro Dynamic_TRIYA % git status
On branch main
nothing to commit, working tree clean
(Documents) khouripa@localadmins-MacBook-Pro Dynamic_TRIYA % git push origin main
Enumerating objects: 13, done.
Counting objects: 100% (13/13), done.
Delta compression using up to 16 threads
Compressing objects: 100% (11/11), done.
Writing objects: 100% (12/12), 4.86 KiB | 2.43 MiB/s, done.
Total 12 (delta 1), reused 0 (delta 0)
remote: Resolving deltas: 100% (1/1), done.
To https://github.com/paul-khouri/Dynamic_TRIYA.git
   e3a0108..05883b8  main -> main
(Documents) khouripa@localadmins-MacBook-Pro Dynamic_TRIYA % 
